﻿
> careermatrix-ui@1.0.0 build
> vite build

[36mvite v5.4.21 [32mbuilding for production...[36m[39m
transforming...
[32mÔ£ô[39m 1824 modules transformed.
node.exe : [31mx[39m Build failed in 7.94s
At C:\Program Files\nodejs\npm.ps1:29 char:3
+   & $NODE_EXE $NPM_CLI_JS $args
+   ~~~~~~~~~~~~~~~~~~~~~~~~~~~~~
    + CategoryInfo          : NotSpecified: ([31mx[39m Build failed in 7.94s:String) [], RemoteException
    + FullyQualifiedErrorId : NativeCommandError
 
[31merror during build:
[31msrc/pages/Dashboard.jsx (10:9): "ENGINEERING_BRANCHES" is not exported by "src/data/assessmentOptions.js", 
imported by "src/pages/Dashboard.jsx".[31m
file: [36mC:/Users/DELL/Downloads/newsmartcareer/newsmartcareer/frontend/src/pages/Dashboard.jsx:10:9[31m
[33m
 8: import PageTransition from '../components/PageTransition'
 9: import { ROADMAP_CAREER_KEY } from '../constants/storageKeys'
10: import { ENGINEERING_BRANCHES } from '../data/assessmentOptions'
             ^
11: import { getCommitment } from '../data/careerCommitment'
12: import { ADMISSION_EXAMS } from '../data/admissionData'
[31m
    at getRollupError 
(file:///C:/Users/DELL/Downloads/newsmartcareer/newsmartcareer/node_modules/rollup/dist/es/shared/parseAst.js:406:41)
    at error 
(file:///C:/Users/DELL/Downloads/newsmartcareer/newsmartcareer/node_modules/rollup/dist/es/shared/parseAst.js:402:42)
    at Module.error (file:///C:/Users/DELL/Downloads/newsmartcareer/newsmartcareer/node_modules/rollup/dist/es/shared/n
ode-entry.js:17380:16)
    at Module.traceVariable (file:///C:/Users/DELL/Downloads/newsmartcareer/newsmartcareer/node_modules/rollup/dist/es/
shared/node-entry.js:17813:29)
    at ModuleScope.findVariable (file:///C:/Users/DELL/Downloads/newsmartcareer/newsmartcareer/node_modules/rollup/dist
/es/shared/node-entry.js:15403:39)
    at FunctionScope.findVariable (file:///C:/Users/DELL/Downloads/newsmartcareer/newsmartcareer/node_modules/rollup/di
st/es/shared/node-entry.js:5676:38)
    at FunctionBodyScope.findVariable (file:///C:/Users/DELL/Downloads/newsmartcareer/newsmartcareer/node_modules/rollu
p/dist/es/shared/node-entry.js:5676:38)
    at MemberExpression.bind (file:///C:/Users/DELL/Downloads/newsmartcareer/newsmartcareer/node_modules/rollup/dist/es
/shared/node-entry.js:7395:49)
    at CallExpression.bind (file:///C:/Users/DELL/Downloads/newsmartcareer/newsmartcareer/node_modules/rollup/dist/es/s
hared/node-entry.js:2832:23)
    at CallExpression.bind (file:///C:/Users/DELL/Downloads/newsmartcareer/newsmartcareer/node_modules/rollup/dist/es/s
hared/node-entry.js:12512:15)[39m
npm error Lifecycle script `build` failed with error:
npm error code 1
npm error path C:\Users\DELL\Downloads\newsmartcareer\newsmartcareer\frontend
npm error workspace careermatrix-ui@1.0.0
npm error location C:\Users\DELL\Downloads\newsmartcareer\newsmartcareer\frontend
npm error command failed
npm error command C:\Windows\system32\cmd.exe /d /s /c vite build
